[info]
img:tumba.png
mapa:......................................
     ......................................
     ......................................
     ......................................
     ...................t..................
     ......................................
     ......................................
     ......................................
     ......................................
     ......................................
     ......................................
     ......................................
     ......................................
     ......................................
     ......................................
     ......................................
     ......................................
     ......................................
     ......................................
     ......................................
     ......................................
     ......................................
     ......................................
     ......................................
     ......................................
     ......................................
     ......................................
     ......................................
     ......................................
     ......................................
     ......................................
     ..................t...................
     ......................................
     ......................................
     ......................................
     ......................................
     ......................................
     ......................................



[.]
tipo:vacio
fil:0
col:0

[t]
tipo:tumba
fil:0
col:2
